// Vitest Snapshot v1

exports[`<BarbecueCard /> > should translate on hover 1`] = `
<div
  class="c-kwCyfN"
>
  <div
    class="c-fixGjY"
  >
    <div
      class="c-bxJlOZ"
    >
      <svg
        fill="currentColor"
        height="24"
        stroke-width="1"
        viewBox="0 0 256 256"
        width="24"
        xmlns="http://www.w3.org/2000/svg"
      >
        <rect
          fill="none"
          height="256"
          width="256"
        />
        <rect
          fill="none"
          height="176"
          rx="8"
          stroke="currentColor"
          stroke-linecap="round"
          stroke-linejoin="round"
          stroke-width="16"
          width="176"
          x="40"
          y="40"
        />
        <line
          fill="none"
          stroke="currentColor"
          stroke-linecap="round"
          stroke-linejoin="round"
          stroke-width="16"
          x1="176"
          x2="176"
          y1="24"
          y2="56"
        />
        <line
          fill="none"
          stroke="currentColor"
          stroke-linecap="round"
          stroke-linejoin="round"
          stroke-width="16"
          x1="80"
          x2="80"
          y1="24"
          y2="56"
        />
        <line
          fill="none"
          stroke="currentColor"
          stroke-linecap="round"
          stroke-linejoin="round"
          stroke-width="16"
          x1="40"
          x2="216"
          y1="88"
          y2="88"
        />
      </svg>
      <p>
        <time
          datetime="1675051212423"
        >
          30/01
        </time>
      </p>
    </div>
    <p
      class="c-iDHzzj"
    >
      Anivers√°rio da Sara
    </p>
  </div>
  <div
    class="c-VxzFO"
  >
    <div
      class="c-egGYGd"
    >
      <svg
        fill="currentColor"
        height="24"
        viewBox="0 0 256 256"
        width="24"
        xmlns="http://www.w3.org/2000/svg"
      >
        <rect
          fill="none"
          height="256"
          width="256"
        />
        <circle
          cx="88"
          cy="108"
          fill="none"
          r="52"
          stroke="currentColor"
          stroke-miterlimit="10"
          stroke-width="16"
        />
        <path
          d="M155.4,57.9A54.5,54.5,0,0,1,169.5,56a52,52,0,0,1,0,104"
          fill="none"
          stroke="currentColor"
          stroke-linecap="round"
          stroke-linejoin="round"
          stroke-width="16"
        />
        <path
          d="M16,197.4a88,88,0,0,1,144,0"
          fill="none"
          stroke="currentColor"
          stroke-linecap="round"
          stroke-linejoin="round"
          stroke-width="16"
        />
        <path
          d="M169.5,160a87.9,87.9,0,0,1,72,37.4"
          fill="none"
          stroke="currentColor"
          stroke-linecap="round"
          stroke-linejoin="round"
          stroke-width="16"
        />
      </svg>
      5
    </div>
    <div
      class="c-gForkO"
    >
      <svg
        fill="currentColor"
        height="24"
        viewBox="0 0 256 256"
        width="24"
        xmlns="http://www.w3.org/2000/svg"
      >
        <rect
          fill="none"
          height="256"
          width="256"
        />
        <line
          fill="none"
          stroke="currentColor"
          stroke-linecap="round"
          stroke-linejoin="round"
          stroke-width="16"
          x1="128"
          x2="128"
          y1="72"
          y2="88"
        />
        <line
          fill="none"
          stroke="currentColor"
          stroke-linecap="round"
          stroke-linejoin="round"
          stroke-width="16"
          x1="128"
          x2="128"
          y1="168"
          y2="184"
        />
        <circle
          cx="128"
          cy="128"
          fill="none"
          r="96"
          stroke="currentColor"
          stroke-linecap="round"
          stroke-linejoin="round"
          stroke-width="16"
        />
        <path
          d="M104,168h36a20,20,0,0,0,0-40H116a20,20,0,0,1,0-40h36"
          fill="none"
          stroke="currentColor"
          stroke-linecap="round"
          stroke-linejoin="round"
          stroke-width="16"
        />
      </svg>
      <p
        class="c-cJbzxd"
      >
        R$ 120,37
      </p>
    </div>
  </div>
</div>
`
